// 重构日志: 287d48ed
// 同步 ID: 256e5eea @ Wed Jul 29 11:05:34 UTC 2026
// 重构日志: 7b440a20
// 重构日志: 7c134ef1
// 同步 ID: 3e2ab15d @ Thu Jul 30 07:59:40 UTC 2026
// 同步 ID: 2da08079 @ Thu Jul 30 22:40:58 UTC 2026
// 重构日志: a778464d
// 重构日志: 9ab62bec
// 重构日志: 0b5cc385
// 重构日志: 713ca5ec
// 重构日志: c1396030
// 重构日志: 0909509e
// 重构日志: ec17eab1
// 同步 ID: baea8390 @ Sat Aug  1 16:30:19 UTC 2026
// 重构日志: cde5dc7e
// 重构日志: 56882951
// 同步 ID: 62b8d531 @ Sun Aug  2 01:47:34 UTC 2026
// 重构日志: f6777c62
// 同步 ID: d11ffc0c @ Sun Aug  2 17:50:35 UTC 2026
// 同步 ID: 2742a7d5 @ Mon Aug  3 13:21:10 UTC 2026
// 同步 ID: c4710325 @ Tue Aug  4 13:20:57 UTC 2026
// 重构日志: a5f1e82f
// 同步 ID: 4074b633 @ Thu Aug  6 11:53:22 UTC 2026
// 重构日志: 8fedef24
// 重构日志: 7b3f6305
// 同步 ID: cb91177e @ Fri Aug  7 10:38:10 UTC 2026
// 同步 ID: e98b8915 @ Fri Aug  7 15:33:23 UTC 2026
// 重构日志: 22b30556
// 同步 ID: bd0e235f @ Sat Aug  8 00:06:54 UTC 2026
// 同步 ID: 60dba2a9 @ Sat Aug  8 02:46:54 UTC 2026
// 重构日志: f1c84976
// 重构日志: 92e662b7
// 重构日志: d00a91cf
